Error for llama-3.3-70b-versatile: Error code: 429 - {'error': {'message': 'Rate limit reached for model `llama-3.3-70b-versatile` in organization `org_01kzygd8qkehs83xdtfd2cndpx` service tier `on_demand` on tokens per day (TPD): Limit 100000, Used 95275, Requested 12255. Please try again in 1h48m25.92s. Need more tokens? Upgrade to Dev Tier today at https://console.groq.com/settings/billing', 'type': 'tokens', 'code': 'rate_limit_exceeded'}}
Error for gemini-1.5-pro: 404 models/gemini-1.5-pro is not found for API version v1beta, or is not supported for generateContent. Call ModelService.ListModels to see the list of available models and their supported methods.
Error for gemini-1.5-pro: 404 models/gemini-1.5-pro is not found for API version v1beta, or is not supported for generateContent. Call ModelService.ListModels to see the list of available models and their supported methods.
Error for gemini-1.5-flash: 404 models/gemini-1.5-flash is not found for API version v1beta, or is not supported for generateContent. Call ModelService.ListModels to see the list of available models and their supported methods.
Error for gemini-1.5-flash: 404 models/gemini-1.5-flash is not found for API version v1beta, or is not supported for generateContent. Call ModelService.ListModels to see the list of available models and their supported methods.
Error for llama-3.1-8b-instant: Error code: 413 - {'error': {'message': 'Request too large for model `llama-3.1-8b-instant` in organization `org_01kzygd8qkehs83xdtfd2cndpx` service tier `on_demand` on tokens per minute (TPM): Limit 6000, Requested 12255, please reduce your message size and try again. Need more tokens? Upgrade to Dev Tier today at https://console.groq.com/settings/billing', 'type': 'tokens', 'code': 'rate_limit_exceeded'}}
Error for llama-3.3-70b-versatile: Error code: 429 - {'error': {'message': 'Rate limit reached for model `llama-3.3-70b-versatile` in organization `org_01kzygd8qkehs83xdtfd2cndpx` service tier `on_demand` on tokens per day (TPD): Limit 100000, Used 95262, Requested 12257. Please try again in 1h48m16.416s. Need more tokens? Upgrade to Dev Tier today at https://console.groq.com/settings/billing', 'type': 'tokens', 'code': 'rate_limit_exceeded'}}
Error for gemini-1.5-pro: 404 models/gemini-1.5-pro is not found for API version v1beta, or is not supported for generateContent. Call ModelService.ListModels to see the list of available models and their supported methods.
Error for gemini-1.5-pro: 404 models/gemini-1.5-pro is not found for API version v1beta, or is not supported for generateContent. Call ModelService.ListModels to see the list of available models and their supported methods.
Error for gemini-1.5-flash: 404 models/gemini-1.5-flash is not found for API version v1beta, or is not supported for generateContent. Call ModelService.ListModels to see the list of available models and their supported methods.
Error for gemini-1.5-flash: 404 models/gemini-1.5-flash is not found for API version v1beta, or is not supported for generateContent. Call ModelService.ListModels to see the list of available models and their supported methods.
Error for llama-3.1-8b-instant: Error code: 413 - {'error': {'message': 'Request too large for model `llama-3.1-8b-instant` in organization `org_01kzygd8qkehs83xdtfd2cndpx` service tier `on_demand` on tokens per minute (TPM): Limit 6000, Requested 12257, please reduce your message size and try again. Need more tokens? Upgrade to Dev Tier today at https://console.groq.com/settings/billing', 'type': 'tokens', 'code': 'rate_limit_exceeded'}}
Error for llama-3.3-70b-versatile: Error code: 429 - {'error': {'message': 'Rate limit reached for model `llama-3.3-70b-versatile` in organization `org_01kzygd8qkehs83xdtfd2cndpx` service tier `on_demand` on tokens per day (TPD): Limit 100000, Used 99878, Requested 1626. Please try again in 21m39.456s. Need more tokens? Upgrade to Dev Tier today at https://console.groq.com/settings/billing', 'type': 'tokens', 'code': 'rate_limit_exceeded'}}
Error for llama3-70b-8192: Error code: 400 - {'error': {'message': 'The model `llama3-70b-8192` has been decommissioned and is no longer supported. Please refer to https://console.groq.com/docs/deprecations for a recommendation on which model to use instead.', 'type': 'invalid_request_error', 'code': 'model_decommissioned'}}
Error for llama3-70b-8192: Error code: 400 - {'error': {'message': 'The model `llama3-70b-8192` has been decommissioned and is no longer supported. Please refer to https://console.groq.com/docs/deprecations for a recommendation on which model to use instead.', 'type': 'invalid_request_error', 'code': 'model_decommissioned'}}
Error for mixtral-8x7b-32768: Error code: 400 - {'error': {'message': 'The model `mixtral-8x7b-32768` has been decommissioned and is no longer supported. Please refer to https://console.groq.com/docs/deprecations for a recommendation on which model to use instead.', 'type': 'invalid_request_error', 'code': 'model_decommissioned'}}
Error for mixtral-8x7b-32768: Error code: 400 - {'error': {'message': 'The model `mixtral-8x7b-32768` has been decommissioned and is no longer supported. Please refer to https://console.groq.com/docs/deprecations for a recommendation on which model to use instead.', 'type': 'invalid_request_error', 'code': 'model_decommissioned'}}
